---
source: src/asm/parser/mod.rs
expression: snapshot_parsing(contents).unwrap()
---
.entry main
       ^^^^ Identifier("main")

load[u32] %0 123
load[u32] %1 321
^^^^^^^^^^^^^^^^^ Text { label: None, opcode: Instruction { opcode: Load, type: U(32), data: Imm(R0, Imm([123, 0, 0, 0])) }, span: Span { row_start: 1, row_end: 2, col_start: 0, col_end: 17, byte_start: 13, byte_end: 30 } }
add[u32] %0 %0 %1
^^^^^^^^^^^^^^^^^ Text { label: None, opcode: Instruction { opcode: Load, type: U(32), data: Imm(R1, Imm([65, 1, 0, 0])) }, span: Span { row_start: 2, row_end: 3, col_start: 0, col_end: 17, byte_start: 30, byte_end: 47 } }
hult
^^^^^^^^^^^^^^^^^^ Text { label: None, opcode: Instruction { opcode: Add, type: U(32), data: Reg3(R0, R0, R1) }, span: Span { row_start: 3, row_end: 4, col_start: 0, col_end: 18, byte_start: 47, byte_end: 65 } }
