---
source: src/asm/lexer/mod.rs
expression: snapshot_lexing(contents)
---
.entry main
^ Token { kind: Period, span: Span { row_start: 0, row_end: 0, col_start: 0, col_end: 1, byte_start: 0, byte_end: 1 } }
 ^^^^^ Token { kind: Identifier("entry"), span: Span { row_start: 0, row_end: 0, col_start: 1, col_end: 6, byte_start: 1, byte_end: 6 } }
       ^^^^ Token { kind: Identifier("main"), span: Span { row_start: 0, row_end: 0, col_start: 7, col_end: 11, byte_start: 7, byte_end: 11 } }
           ^ Token { kind: Delimiter, span: Span { row_start: 0, row_end: 0, col_start: 11, col_end: 12, byte_start: 11, byte_end: 12 } }

^ Token { kind: Delimiter, span: Span { row_start: 0, row_end: 1, col_start: 0, col_end: 1, byte_start: 12, byte_end: 13 } }
load[u32] %0 123
^^^^ Token { kind: KeywordLoad, span: Span { row_start: 1, row_end: 2, col_start: 0, col_end: 4, byte_start: 13, byte_end: 17 } }
    ^ Token { kind: LeftBracket, span: Span { row_start: 2, row_end: 2, col_start: 4, col_end: 5, byte_start: 17, byte_end: 18 } }
     ^^^ Token { kind: Identifier("u32"), span: Span { row_start: 2, row_end: 2, col_start: 5, col_end: 8, byte_start: 18, byte_end: 21 } }
        ^ Token { kind: RightBracket, span: Span { row_start: 2, row_end: 2, col_start: 8, col_end: 9, byte_start: 21, byte_end: 22 } }
          ^ Token { kind: PercentSign, span: Span { row_start: 2, row_end: 2, col_start: 10, col_end: 11, byte_start: 23, byte_end: 24 } }
           ^ Token { kind: Number(0), span: Span { row_start: 2, row_end: 2, col_start: 11, col_end: 12, byte_start: 24, byte_end: 25 } }
             ^^^ Token { kind: Number(123), span: Span { row_start: 2, row_end: 2, col_start: 13, col_end: 16, byte_start: 26, byte_end: 29 } }
                ^ Token { kind: Delimiter, span: Span { row_start: 2, row_end: 2, col_start: 16, col_end: 17, byte_start: 29, byte_end: 30 } }
load[u32] %1 321
^^^^ Token { kind: KeywordLoad, span: Span { row_start: 2, row_end: 3, col_start: 0, col_end: 4, byte_start: 30, byte_end: 34 } }
    ^ Token { kind: LeftBracket, span: Span { row_start: 3, row_end: 3, col_start: 4, col_end: 5, byte_start: 34, byte_end: 35 } }
     ^^^ Token { kind: Identifier("u32"), span: Span { row_start: 3, row_end: 3, col_start: 5, col_end: 8, byte_start: 35, byte_end: 38 } }
        ^ Token { kind: RightBracket, span: Span { row_start: 3, row_end: 3, col_start: 8, col_end: 9, byte_start: 38, byte_end: 39 } }
          ^ Token { kind: PercentSign, span: Span { row_start: 3, row_end: 3, col_start: 10, col_end: 11, byte_start: 40, byte_end: 41 } }
           ^ Token { kind: Number(1), span: Span { row_start: 3, row_end: 3, col_start: 11, col_end: 12, byte_start: 41, byte_end: 42 } }
             ^^^ Token { kind: Number(321), span: Span { row_start: 3, row_end: 3, col_start: 13, col_end: 16, byte_start: 43, byte_end: 46 } }
                ^ Token { kind: Delimiter, span: Span { row_start: 3, row_end: 3, col_start: 16, col_end: 17, byte_start: 46, byte_end: 47 } }
add[u32] %0 %0 %1
^^^ Token { kind: KeywordAdd, span: Span { row_start: 3, row_end: 4, col_start: 0, col_end: 3, byte_start: 47, byte_end: 50 } }
   ^ Token { kind: LeftBracket, span: Span { row_start: 4, row_end: 4, col_start: 3, col_end: 4, byte_start: 50, byte_end: 51 } }
    ^^^ Token { kind: Identifier("u32"), span: Span { row_start: 4, row_end: 4, col_start: 4, col_end: 7, byte_start: 51, byte_end: 54 } }
       ^ Token { kind: RightBracket, span: Span { row_start: 4, row_end: 4, col_start: 7, col_end: 8, byte_start: 54, byte_end: 55 } }
         ^ Token { kind: PercentSign, span: Span { row_start: 4, row_end: 4, col_start: 9, col_end: 10, byte_start: 56, byte_end: 57 } }
          ^ Token { kind: Number(0), span: Span { row_start: 4, row_end: 4, col_start: 10, col_end: 11, byte_start: 57, byte_end: 58 } }
            ^ Token { kind: PercentSign, span: Span { row_start: 4, row_end: 4, col_start: 12, col_end: 13, byte_start: 59, byte_end: 60 } }
             ^ Token { kind: Number(0), span: Span { row_start: 4, row_end: 4, col_start: 13, col_end: 14, byte_start: 60, byte_end: 61 } }
               ^ Token { kind: PercentSign, span: Span { row_start: 4, row_end: 4, col_start: 15, col_end: 16, byte_start: 62, byte_end: 63 } }
                ^ Token { kind: Number(1), span: Span { row_start: 4, row_end: 4, col_start: 16, col_end: 17, byte_start: 63, byte_end: 64 } }
                 ^ Token { kind: Delimiter, span: Span { row_start: 4, row_end: 4, col_start: 17, col_end: 18, byte_start: 64, byte_end: 65 } }
hult
^^^^ Token { kind: KeywordHult, span: Span { row_start: 4, row_end: 5, col_start: 0, col_end: 4, byte_start: 65, byte_end: 69 } }
    ^ Token { kind: Delimiter, span: Span { row_start: 5, row_end: 5, col_start: 4, col_end: 5, byte_start: 69, byte_end: 70 } }
