---
source: src/parser/test.rs
expression: snapshot_parsing(contents)
---
Ok(
    Program {
        imports: [],
        constants: [],
        functions: [
            Function {
                visibility: Public,
                name: "add",
                params: [
                    Variable {
                        name: Identifier {
                            lexeme: "x",
                            span: 20..21,
                        },
                        ty: Signed(
                            32,
                        ),
                        version: 0,
                    },
                    Variable {
                        name: Identifier {
                            lexeme: "y",
                            span: 28..29,
                        },
                        ty: Signed(
                            32,
                        ),
                        version: 1,
                    },
                ],
                return_type: Signed(
                    32,
                ),
                blocks: [
                    BasicBlock {
                        id: 0,
                        instructions: [
                            Add(
                                Variable {
                                    name: Identifier {
                                        lexeme: "z",
                                        span: 46..47,
                                    },
                                    ty: Signed(
                                        32,
                                    ),
                                    version: 0,
                                },
                                Variable(
                                    Identifier {
                                        lexeme: "x",
                                        span: 61..62,
                                    },
                                ),
                                Variable(
                                    Identifier {
                                        lexeme: "y",
                                        span: 64..65,
                                    },
                                ),
                            ),
                            Return(
                                Variable(
                                    Identifier {
                                        lexeme: "z",
                                        span: 76..77,
                                    },
                                ),
                            ),
                        ],
                        successors: [],
                        predecessors: [],
                    },
                ],
            },
        ],
    },
)
