---
source: src/parser/test.rs
expression: snapshot_parsing(contents)
---
Ok(
    Program {
        imports: [],
        constants: [],
        functions: [
            Function {
                visibility: Public,
                name: "add",
                params: [
                    Variable {
                        name: Token {
                            kind: Identifier,
                            lexeme: "x",
                            span: 20..21,
                        },
                        ty: Signed(
                            32,
                        ),
                        version: 0,
                    },
                    Variable {
                        name: Token {
                            kind: Identifier,
                            lexeme: "y",
                            span: 28..29,
                        },
                        ty: Signed(
                            32,
                        ),
                        version: 1,
                    },
                ],
                return_type: Signed(
                    32,
                ),
                blocks: [
                    BasicBlock {
                        id: 0,
                        instructions: [
                            Add(
                                Variable {
                                    name: Token {
                                        kind: Identifier,
                                        lexeme: "z",
                                        span: 57..58,
                                    },
                                    ty: Signed(
                                        32,
                                    ),
                                    version: 0,
                                },
                                Variable(
                                    Token {
                                        kind: Identifier,
                                        lexeme: "x",
                                        span: 60..61,
                                    },
                                ),
                                Variable(
                                    Token {
                                        kind: Identifier,
                                        lexeme: "y",
                                        span: 63..64,
                                    },
                                ),
                            ),
                            Return(
                                Signed(
                                    32,
                                ),
                                Variable(
                                    Token {
                                        kind: Identifier,
                                        lexeme: "z",
                                        span: 81..82,
                                    },
                                ),
                            ),
                        ],
                        successors: [],
                        predecessors: [],
                    },
                ],
            },
        ],
    },
)
